ERREUR 404 Url=Actualites/detail/excussion-des-membres-du-club-informatique-ud-1d  Date= "March 7, 2018, 3:47 am"
ERREUR 404 Url=Actualites/detail/excussion-des-membres-du-club-informatique-ud-1d  Date= "March 7, 2018, 3:52 am"
ERREUR 404 Url=Actualites/detail/  Date= "March 7, 2018, 3:53 am"
ERREUR 404 Url=Leaders/about/club-informatique-universite-de-douala-2  Date= "March 10, 2018, 11:39 am"
ERREUR 404 Url=Leaders/about/club-informatique-universite-de-douala-2 message: Aucune sortie correspondante à l'id  Date= "March 10, 2018, 11:53 am"
ERREUR 404 Url=Leaders/about/club-informatique-universite-de-doualaz-2 message: Aucune sortie correspondante à leader selectionné  Date= "March 10, 2018, 11:59 am"
ERREUR 404 Url=Leaders/about/club-informatique-universite-de-doualaz-2 message: Aucune sortie correspondante à leader selectionné  Date= "March 10, 2018, 11:59 am"
ERREUR Sécurité(Ajax) Url=/ message: Acces à un lien non approprié  Date= "March 13, 2018, 4:37 pm"
ERREUR système(Controleur) Url=core\allib\Dispatcher/:/ message: Controleur inéxistante  :  Date= "March 13, 2018, 4:37 pm"
ERREUR Sécurité(Ajax) Url=/ message: Acces à un lien non approprié  Date= "March 13, 2018, 4:38 pm"
ERREUR système(Controleur) Url=core\allib\Dispatcher/:/ message: Controleur inéxistante  :  Date= "March 13, 2018, 4:38 pm"
ERREUR Sécurité(Ajax) Url=/ message: Acces à un lien non approprié  Date= "March 13, 2018, 4:38 pm"
ERREUR système(Controleur) Url=core\allib\Dispatcher/:/ message: Controleur inéxistante  :  Date= "March 13, 2018, 4:38 pm"
ERREUR Sécurité(Ajax) Url=/ message: Acces à un lien non approprié  Date= "March 13, 2018, 4:39 pm"
ERREUR système(Controleur) Url=core\allib\Dispatcher/:/ message: Controleur inéxistante  :  Date= "March 13, 2018, 4:39 pm"
ERREUR Sécurité(Ajax) Url=ajax/ message: Acces à un lien non approprié  Date= "March 13, 2018, 4:39 pm"
ERREUR système(Controleur) Url=core\allib\Dispatcher/:/ message: Controleur inéxistante  :  Date= "March 13, 2018, 4:39 pm"
ERREUR système(Controleur) Url=core\allib\Dispatcher/:/ message: Controleur inéxistante  :  Date= "March 13, 2018, 4:43 pm"
ERREUR Sécurité(Ajax) Url=ajax/ and  message: Acces à un lien non approprié  Date= "March 13, 2018, 4:45 pm"
ERREUR système(Controleur) Url=core\allib\Dispatcher/:/ message: Controleur inéxistante  :  Date= "March 13, 2018, 4:45 pm"
ERREUR Sécurité(Ajax) Url=ajax/ message: Acces à un lien non approprié  Date= "March 13, 2018, 4:45 pm"
ERREUR système(Controleur) Url=core\allib\Dispatcher/:/ message: Controleur inéxistante  :  Date= "March 13, 2018, 4:45 pm"
ERREUR système(Controleur) Url=core\allib\Dispatcher/:/ message: Controleur inéxistante  :  Date= "March 13, 2018, 4:49 pm"
ERREUR Sécurité(Ajax) Url=ajax/ message: Acces à un lien non approprié  Date= "March 13, 2018, 4:50 pm"
ERREUR système(Controleur) Url=core\allib\Dispatcher/:/ message: Controleur inéxistante  :  Date= "March 13, 2018, 4:50 pm"
ERREUR Sécurité(Ajax) Url=ajax/ message: Acces à un lien non approprié  Date= "March 13, 2018, 4:53 pm"
ERREUR système(Controleur) Url=core\allib\Dispatcher/:/ message: Controleur inéxistante  :  Date= "March 13, 2018, 4:53 pm"
ERREUR Sécurité(Ajax) Url=ajax/ message: Acces à un lien non approprié  Date= "March 13, 2018, 4:53 pm"
ERREUR système(Controleur) Url=core\allib\Dispatcher/:/ message: Controleur inéxistante  :  Date= "March 13, 2018, 4:53 pm"
ERREUR Sécurité(Ajax) Url=ajax/ message: Acces à un lien non approprié  Date= "March 13, 2018, 4:53 pm"
ERREUR système(Controleur) Url=core\allib\Dispatcher/:/ message: Controleur inéxistante  :  Date= "March 13, 2018, 4:53 pm"
ERREUR Sécurité(Ajax) Url=ajax/ message: Acces à un lien non approprié  Date= "March 13, 2018, 4:55 pm"
ERREUR Sécurité(Ajax) Url=ajax/ message: Acces à un lien non approprié  Date= "March 13, 2018, 4:56 pm"
ERREUR Sécurité(Ajax) Url=ajax/ message: Acces à un lien non approprié  Date= "March 13, 2018, 4:56 pm"
ERREUR Sécurité(Ajax) Url=ajax/ message: Acces à un lien non approprié  Date= "March 13, 2018, 4:56 pm"
ERREUR Sécurité(Ajax) Url=ajax/ message: Acces à un lien non approprié  Date= "March 13, 2018, 4:56 pm"
ERREUR Sécurité(Ajax) Url=ajax/ message: Acces à un lien non approprié  Date= "March 13, 2018, 4:56 pm"
ERREUR Sécurité(Ajax) Url=ajax/ message: Acces à un lien non approprié  Date= "March 13, 2018, 4:56 pm"
ERREUR système(Controleur) Url=core\allib\Dispatcher/:/ message: Controleur inéxistante  :  Date= "March 13, 2018, 4:57 pm"
ERREUR système(Controleur) Url=core\allib\Dispatcher/:/ message: Controleur inéxistante  :  Date= "March 13, 2018, 4:58 pm"
ERREUR système(Controleur) Url=core\allib\Dispatcher/:/ message: Controleur inéxistante  :  Date= "March 13, 2018, 4:58 pm"
ERREUR système(Controleur) Url=core\allib\Dispatcher/:/ message: Controleur inéxistante  :  Date= "March 14, 2018, 8:19 am"
ERREUR système(Controleur) Url=core\allib\Dispatcher/:/ message: Controleur inéxistante  :  Date= "March 14, 2018, 8:19 am"
ERREUR Sécurité(Ajax) Url=ajax/ message: Acces à un lien non approprié  Date= "March 15, 2018, 12:16 am"
ERREUR Sécurité(Ajax) Url=ajax/ message: Acces à un lien non approprié  Date= "March 15, 2018, 12:16 am"
ERREUR Sécurité(Ajax) Url=ajax/ message: Acces à un lien non approprié  Date= "March 15, 2018, 12:16 am"
ERREUR Sécurité(Ajax) Url=ajax/ message: Acces à un lien non approprié  Date= "March 15, 2018, 12:16 am"
ERREUR Sécurité(Ajax) Url=ajax/ message: Acces à un lien non approprié  Date= "March 15, 2018, 12:16 am"
ERREUR Sécurité(Ajax) Url=ajax/ message: Acces à un lien non approprié  Date= "March 15, 2018, 12:16 am"
ERREUR Sécurité(Ajax) Url=ajax/ message: Acces à un lien non approprié  Date= "March 15, 2018, 12:16 am"
ERREUR Sécurité(Ajax) Url=ajax/ message: Acces à un lien non approprié  Date= "March 15, 2018, 12:16 am"
ERREUR Sécurité(Ajax) Url=ajax/ message: Acces à un lien non approprié  Date= "March 15, 2018, 12:16 am"
ERREUR Sécurité(Ajax) Url=ajax/ message: Acces à un lien non approprié  Date= "March 15, 2018, 12:17 am"
ERREUR Sécurité(Ajax) Url=ajax/ message: Acces à un lien non approprié  Date= "March 15, 2018, 12:17 am"
ERREUR Sécurité(Ajax) Url=ajax/ message: Acces à un lien non approprié  Date= "March 15, 2018, 12:17 am"
ERREUR Sécurité(Ajax) Url=ajax/ message: Acces à un lien non approprié  Date= "March 15, 2018, 12:17 am"
ERREUR Sécurité(Ajax) Url=ajax/ message: Acces à un lien non approprié  Date= "March 15, 2018, 12:18 am"
ERREUR Sécurité(Ajax) Url=ajax/ message: Acces à un lien non approprié  Date= "March 15, 2018, 12:18 am"
ERREUR Sécurité(Ajax) Url=ajax/ message: Acces à un lien non approprié  Date= "March 15, 2018, 12:18 am"
ERREUR Sécurité(Ajax) Url=ajax/ message: Acces à un lien non approprié  Date= "March 15, 2018, 12:18 am"
ERREUR Sécurité(Ajax) Url=ajax/ message: Acces à un lien non approprié  Date= "March 15, 2018, 12:18 am"
ERREUR Sécurité(Ajax) Url=ajax/ message: Acces à un lien non approprié  Date= "March 15, 2018, 12:18 am"
ERREUR Sécurité(Ajax) Url=ajax/ message: Acces à un lien non approprié  Date= "March 15, 2018, 12:18 am"
ERREUR Sécurité(Ajax) Url=ajax/ message: Acces à un lien non approprié  Date= "March 15, 2018, 12:18 am"
ERREUR Sécurité(Ajax) Url=ajax/ message: Acces à un lien non approprié  Date= "March 15, 2018, 12:18 am"
ERREUR Sécurité(Ajax) Url=ajax/ message: Acces à un lien non approprié  Date= "March 15, 2018, 12:18 am"
ERREUR Sécurité(Ajax) Url=ajax/ message: Acces à un lien non approprié  Date= "March 15, 2018, 12:18 am"
ERREUR Sécurité(Ajax) Url=ajax/ message: Acces à un lien non approprié  Date= "March 15, 2018, 12:18 am"
ERREUR Sécurité(Ajax) Url=ajax/ message: Acces à un lien non approprié  Date= "March 15, 2018, 12:18 am"
ERREUR Sécurité(Ajax) Url=ajax/ message: Acces à un lien non approprié  Date= "March 15, 2018, 12:18 am"
ERREUR Sécurité(Ajax) Url=ajax/ message: Acces à un lien non approprié  Date= "March 15, 2018, 12:19 am"
ERREUR Sécurité(Ajax) Url=ajax/ message: Acces à un lien non approprié  Date= "March 15, 2018, 12:19 am"
ERREUR Sécurité(Ajax) Url=ajax/ message: Acces à un lien non approprié  Date= "March 15, 2018, 12:19 am"
ERREUR Sécurité(Ajax) Url=ajax/ message: Acces à un lien non approprié  Date= "March 15, 2018, 12:19 am"
ERREUR Sécurité(Ajax) Url=ajax/ message: Acces à un lien non approprié  Date= "March 15, 2018, 12:19 am"
ERREUR Sécurité(Ajax) Url=ajax/ message: Acces à un lien non approprié  Date= "March 15, 2018, 12:19 am"
ERREUR Sécurité(Ajax) Url=ajax/ message: Acces à un lien non approprié  Date= "March 15, 2018, 12:19 am"
ERREUR Sécurité(Ajax) Url=ajax/ message: Acces à un lien non approprié  Date= "March 15, 2018, 12:19 am"
ERREUR Sécurité(Ajax) Url=ajax/ message: Acces à un lien non approprié  Date= "March 15, 2018, 12:19 am"
ERREUR système(Controleur) Url=core\allib\Dispatcher/:/ message: Controleur inéxistante  :  Date= "March 15, 2018, 9:25 am"
ERREUR système(Controleur) Url=core\allib\Dispatcher/:/ message: Controleur inéxistante  :  Date= "March 15, 2018, 9:25 am"
ERREUR système(Controleur) Url=core\allib\Dispatcher/:/ message: Controleur inéxistante  :  Date= "March 15, 2018, 9:25 am"
ERREUR système(Controleur) Url=core\allib\Dispatcher/:/ message: Controleur inéxistante  :  Date= "March 15, 2018, 9:25 am"
ERREUR système(Controleur) Url=core\allib\Dispatcher/:/ message: Controleur inéxistante  :  Date= "March 15, 2018, 9:25 am"
ERREUR système(Controleur) Url=core\allib\Dispatcher/:/ message: Controleur inéxistante  :  Date= "March 15, 2018, 9:39 am"
ERREUR système(Controleur) Url=core\allib\Dispatcher/:/ message: Controleur inéxistante  :  Date= "March 15, 2018, 9:44 am"
ERREUR système(Controleur) Url=core\allib\Dispatcher/:/ message: Controleur inéxistante  :  Date= "March 15, 2018, 9:44 am"
ERREUR système(Controleur) Url=core\allib\Dispatcher/:/ message: Controleur inéxistante  :  Date= "March 15, 2018, 9:46 am"
ERREUR système(Controleur) Url=core\allib\Dispatcher/:/ message: Controleur inéxistante  :  Date= "March 15, 2018, 9:46 am"
ERREUR système(Controleur) Url=core\allib\Dispatcher/:/ message: Controleur inéxistante  :  Date= "March 15, 2018, 9:46 am"
ERREUR système(Controleur) Url=core\allib\Dispatcher/:/ message: Controleur inéxistante  :  Date= "March 15, 2018, 9:46 am"
ERREUR système(Controleur) Url=core\allib\Dispatcher/:/ message: Controleur inéxistante  :  Date= "March 15, 2018, 9:46 am"
ERREUR système(Controleur) Url=core\allib\Dispatcher/:/ message: Controleur inéxistante  :  Date= "March 15, 2018, 10:01 am"
ERREUR système(Controleur) Url=core\allib\Dispatcher/:/ message: Controleur inéxistante  :  Date= "March 15, 2018, 10:02 am"
ERREUR système(Controleur) Url=core\allib\Dispatcher/:/ message: Controleur inéxistante  :  Date= "March 15, 2018, 10:02 am"
ERREUR système(Controleur) Url=core\allib\Dispatcher/:/ message: Controleur inéxistante  :  Date= "March 15, 2018, 10:02 am"
ERREUR système(Controleur) Url=core\allib\Dispatcher/:/ message: Controleur inéxistante  :  Date= "March 15, 2018, 10:03 am"
ERREUR système(Controleur) Url=core\allib\Dispatcher/:/ message: Controleur inéxistante  :  Date= "March 15, 2018, 10:03 am"
ERREUR système(Controleur) Url=core\allib\Dispatcher/:/ message: Controleur inéxistante  :  Date= "March 15, 2018, 10:15 am"
ERREUR système(Controleur) Url=core\allib\Dispatcher/:/ message: Controleur inéxistante  :  Date= "March 17, 2018, 4:32 pm"
ERREUR système(Controleur) Url=core\allib\Dispatcher/:/ message: Controleur inéxistante  :  Date= "March 17, 2018, 4:32 pm"
ERREUR système(Controleur) Url=core\allib\Dispatcher/:/ message: Controleur inéxistante  :  Date= "March 17, 2018, 4:32 pm"
ERREUR système(Controleur) Url=core\allib\Dispatcher/:/ message: Controleur inéxistante  :  Date= "March 17, 2018, 4:33 pm"
ERREUR système(Controleur) Url=core\allib\Dispatcher/:/ message: Controleur inéxistante  :  Date= "March 17, 2018, 4:33 pm"
ERREUR système(Controleur) Url=core\allib\Dispatcher/:/ message: Controleur inéxistante  :  Date= "March 17, 2018, 4:33 pm"
ERREUR système(Controleur) Url=core\allib\Dispatcher/:/ message: Controleur inéxistante  :  Date= "March 17, 2018, 4:33 pm"
ERREUR système(Controleur) Url=core\allib\Dispatcher/:/ message: Controleur inéxistante  :  Date= "March 17, 2018, 4:33 pm"
ERREUR système(Controleur) Url=core\allib\Dispatcher/:/ message: Controleur inéxistante  :  Date= "March 17, 2018, 4:33 pm"
ERREUR système(Controleur) Url=core\allib\Dispatcher/:/ message: Controleur inéxistante  :  Date= "March 17, 2018, 4:36 pm"
ERREUR système(Controleur) Url=core\allib\Dispatcher/:/ message: Controleur inéxistante  :  Date= "March 17, 2018, 4:36 pm"
ERREUR système(Controleur) Url=gestion/gestion/gestion/gestion/gestion/gestion/gestion/members message: Controleur inéxistante  :  Date= "March 17, 2018, 4:40 pm"
ERREUR système(Controleur) Url=assets/app/css/ message: Controleur inéxistante  :  Date= "March 17, 2018, 4:40 pm"
ERREUR système(Controleur) Url=gestion/gestion/gestion/gestion/gestion/gestion/gestion/members message: Controleur inéxistante  :  Date= "March 17, 2018, 4:41 pm"
ERREUR système(Controleur) Url=assets/app/css/ message: Controleur inéxistante  :  Date= "March 17, 2018, 4:41 pm"
ERREUR système(Controleur) Url=gestion/ajax/gestion message: Controleur inéxistante  :  Date= "March 17, 2018, 6:45 pm"
ERREUR système(Controleur) Url=gestion/gestion/ajax/gestion message: Controleur inéxistante  :  Date= "March 17, 2018, 6:45 pm"
ERREUR système(Controleur) Url=gestion/gestion/members message: Controleur inéxistante  :  Date= "March 17, 2018, 6:45 pm"
ERREUR système(Controleur) Url=assets/app/css/ message: Controleur inéxistante  :  Date= "March 17, 2018, 6:45 pm"
ERREUR Sécurité(Ajax) Url=ajax/ message: Acces à un lien non approprié  Date= "March 19, 2018, 7:22 am"
ERREUR Sécurité(Ajax) Url=ajax/ message: Acces à un lien non approprié  Date= "March 19, 2018, 7:22 am"
ERREUR Sécurité(Ajax) Url=ajax/ message: Acces à un lien non approprié  Date= "March 19, 2018, 7:23 am"
ERREUR Sécurité(Ajax) Url=ajax/ message: Acces à un lien non approprié  Date= "March 19, 2018, 7:24 am"
ERREUR Sécurité(Ajax) Url=ajax/ message: Acces à un lien non approprié  Date= "March 19, 2018, 7:24 am"
ERREUR Sécurité(Ajax) Url=ajax/ message: Acces à un lien non approprié  Date= "March 19, 2018, 7:25 am"
ERREUR Sécurité(Ajax) Url=ajax/ message: Acces à un lien non approprié  Date= "March 19, 2018, 7:25 am"
ERREUR Sécurité(Ajax) Url=ajax/ message: Acces à un lien non approprié  Date= "March 19, 2018, 7:25 am"
ERREUR Sécurité(Ajax) Url=ajax/ message: Acces à un lien non approprié  Date= "March 19, 2018, 7:25 am"
ERREUR Sécurité(Ajax) Url=ajax/ message: Acces à un lien non approprié  Date= "March 19, 2018, 7:25 am"
ERREUR Sécurité(Ajax) Url=ajax/ message: Acces à un lien non approprié  Date= "March 19, 2018, 7:25 am"
ERREUR Sécurité(Ajax) Url=ajax/ message: Acces à un lien non approprié  Date= "March 19, 2018, 7:25 am"
ERREUR Sécurité(Ajax) Url=ajax/ message: Acces à un lien non approprié  Date= "March 19, 2018, 7:26 am"
ERREUR Sécurité(Ajax) Url=ajax/ message: Acces à un lien non approprié  Date= "March 19, 2018, 7:33 am"
ERREUR Sécurité(Ajax) Url=ajax/ message: Acces à un lien non approprié  Date= "March 19, 2018, 7:33 am"
ERREUR Sécurité(Ajax) Url=ajax/ message: Acces à un lien non approprié  Date= "March 19, 2018, 7:34 am"
ERREUR Sécurité(Ajax) Url=ajax/ message: Acces à un lien non approprié  Date= "March 19, 2018, 7:34 am"
ERREUR Sécurité(Ajax) Url=ajax/ message: Acces à un lien non approprié  Date= "March 19, 2018, 7:34 am"
ERREUR Sécurité(Ajax) Url=ajax/ message: Acces à un lien non approprié  Date= "March 19, 2018, 7:34 am"
ERREUR Sécurité(Ajax) Url=ajax/ message: Acces à un lien non approprié  Date= "March 19, 2018, 7:34 am"
ERREUR Sécurité(Ajax) Url=ajax/ message: Acces à un lien non approprié  Date= "March 19, 2018, 7:34 am"
ERREUR Sécurité(Ajax) Url=ajax/ message: Acces à un lien non approprié  Date= "March 19, 2018, 7:34 am"
ERREUR Sécurité(Ajax) Url=ajax/ message: Acces à un lien non approprié  Date= "March 19, 2018, 7:34 am"
ERREUR Sécurité(Ajax) Url=ajax/ message: Acces à un lien non approprié  Date= "March 19, 2018, 7:34 am"
ERREUR Sécurité(Ajax) Url=ajax/ message: Acces à un lien non approprié  Date= "March 19, 2018, 7:34 am"
ERREUR Sécurité(Ajax) Url=ajax/ message: Acces à un lien non approprié  Date= "March 19, 2018, 7:34 am"
ERREUR Sécurité(Ajax) Url=ajax/ message: Acces à un lien non approprié  Date= "March 19, 2018, 7:34 am"
ERREUR Sécurité(Ajax) Url=ajax/ message: Acces à un lien non approprié  Date= "March 19, 2018, 7:34 am"
ERREUR Sécurité(Ajax) Url=ajax/ message: Acces à un lien non approprié  Date= "March 19, 2018, 7:36 am"
ERREUR Sécurité(Ajax) Url=ajax/ message: Acces à un lien non approprié  Date= "March 19, 2018, 7:37 am"
ERREUR Sécurité(Ajax) Url=ajax/ message: Acces à un lien non approprié  Date= "March 19, 2018, 7:37 am"
ERREUR Sécurité(Ajax) Url=ajax/ message: Acces à un lien non approprié  Date= "March 19, 2018, 7:40 am"
ERREUR Sécurité(Ajax) Url=ajax/ message: Acces à un lien non approprié  Date= "March 19, 2018, 7:50 am"
ERREUR Sécurité(Ajax) Url=ajax/ message: Acces à un lien non approprié  Date= "March 19, 2018, 7:55 am"
ERREUR Sécurité(Ajax) Url=ajax/ message: Acces à un lien non approprié  Date= "March 19, 2018, 7:55 am"
ERREUR Sécurité(Ajax) Url=ajax/ message: Acces à un lien non approprié  Date= "March 19, 2018, 7:56 am"
ERREUR Sécurité(Ajax) Url=ajax/ message: Acces à un lien non approprié  Date= "March 19, 2018, 7:56 am"
ERREUR Sécurité(Ajax) Url=ajax/ message: Acces à un lien non approprié  Date= "March 19, 2018, 7:57 am"
ERREUR Sécurité(Ajax) Url=ajax/ message: Acces à un lien non approprié  Date= "March 19, 2018, 7:59 am"
ERREUR Sécurité(Ajax) Url=ajax/ message: Acces à un lien non approprié  Date= "March 19, 2018, 7:59 am"
ERREUR Sécurité(Ajax) Url=ajax/ message: Acces à un lien non approprié  Date= "March 19, 2018, 8:00 am"
ERREUR Sécurité(Ajax) Url=ajax/ message: Acces à un lien non approprié  Date= "March 19, 2018, 8:08 am"
ERREUR Sécurité(Ajax) Url=ajax/ message: Acces à un lien non approprié  Date= "March 19, 2018, 8:09 am"
ERREUR Sécurité(Ajax) Url=ajax/ message: Acces à un lien non approprié  Date= "March 21, 2018, 5:26 am"
ERREUR Sécurité(Ajax) Url=ajax/ message: Acces à un lien non approprié  Date= "March 21, 2018, 5:26 am"
ERREUR Sécurité(Ajax) Url=ajax/ message: Acces à un lien non approprié  Date= "March 21, 2018, 5:26 am"
ERREUR Sécurité(Ajax) Url=ajax/ message: Acces à un lien non approprié  Date= "March 21, 2018, 5:27 am"
ERREUR Sécurité(Ajax) Url=ajax/ message: Acces à un lien non approprié  Date= "March 21, 2018, 5:27 am"
ERREUR Sécurité(Ajax) Url=ajax/ message: Acces à un lien non approprié  Date= "March 21, 2018, 5:27 am"
ERREUR Sécurité(Ajax) Url=ajax/ message: Acces à un lien non approprié  Date= "March 21, 2018, 5:29 am"
ERREUR Sécurité(Ajax) Url=ajax/ message: Acces à un lien non approprié  Date= "March 21, 2018, 5:29 am"
ERREUR Sécurité(Ajax) Url=ajax/ message: Acces à un lien non approprié  Date= "March 21, 2018, 5:29 am"
ERREUR système(Méthode) Url=administration/admin message: Méthode inéxistante du controleur :Administration  Date= "March 21, 2018, 8:19 am"
ERREUR système(Controleur) Url=assets/app/css/ message: Controleur inéxistante  :  Date= "March 21, 2018, 8:19 am"
ERREUR système(Controleur) Url=assets/app/css/ message: Controleur inéxistante  :  Date= "April 22, 2018, 4:43 pm"
ERREUR système(Controleur) Url=kjhgfd message: Controleur inéxistante  :  Date= "April 26, 2018, 7:47 am"
ERREUR système(Controleur) Url=assets/app/css/ message: Controleur inéxistante  :  Date= "April 26, 2018, 7:47 am"
ERREUR système(Controleur) Url=partners/ message: Controleur inéxistante  :  Date= "April 29, 2018, 7:31 pm"
ERREUR système(Controleur) Url=assets/app/css/ message: Controleur inéxistante  :  Date= "April 29, 2018, 7:31 pm"
ERREUR système(Controleur) Url=story/ message: Controleur inéxistante  :  Date= "April 29, 2018, 7:31 pm"
ERREUR système(Controleur) Url=assets/app/css/ message: Controleur inéxistante  :  Date= "April 29, 2018, 7:31 pm"
ERREUR système(Controleur) Url=adhesion/ message: Controleur inéxistante  :  Date= "April 29, 2018, 7:36 pm"
ERREUR système(Controleur) Url=Leader/ message: Controleur inéxistante  :  Date= "April 29, 2018, 7:36 pm"
ERREUR système(Controleur) Url=signin/ message: Controleur inéxistante  :  Date= "April 29, 2018, 7:36 pm"
ERREUR système(Controleur) Url=partners/ message: Controleur inéxistante  :  Date= "April 29, 2018, 7:36 pm"
ERREUR système(Controleur) Url=story/ message: Controleur inéxistante  :  Date= "April 29, 2018, 7:36 pm"
ERREUR système(Controleur) Url=FAQ/ message: Controleur inéxistante  :  Date= "April 29, 2018, 7:36 pm"
ERREUR 404 Url=Actualites/detail/mon-mets-traditionnel-555852 message: actu non trouvée  Date= "April 29, 2018, 10:52 pm"
ERREUR système(Controleur) Url=assets/app/css/ message: Controleur inéxistante  :  Date= "April 29, 2018, 10:52 pm"
ERREUR 404 Url=Actualites/detail/mon-mets-traditionnel-51 message: actu non trouvée  Date= "April 29, 2018, 10:52 pm"
ERREUR système(Controleur) Url=assets/app/css/ message: Controleur inéxistante  :  Date= "April 29, 2018, 10:52 pm"
ERREUR 404 Url=Actualites/detail/mon-mets-traditionnelk-5 message: id existant mais non correspondance avec l'actu demandée  Date= "April 29, 2018, 10:53 pm"
ERREUR système(Controleur) Url=assets/app/css/ message: Controleur inéxistante  :  Date= "April 29, 2018, 10:53 pm"
ERREUR système(Controleur) Url=signin/ message: Controleur inéxistante  :  Date= "May 3, 2018, 4:18 pm"
ERREUR système(Controleur) Url=assets/app/css/ message: Controleur inéxistante  :  Date= "May 3, 2018, 4:18 pm"
ERREUR système(Controleur) Url=login message: Controleur inéxistante  :  Date= "May 3, 2018, 4:18 pm"
ERREUR système(Controleur) Url=assets/app/css/ message: Controleur inéxistante  :  Date= "May 3, 2018, 4:18 pm"
ERREUR système(Controleur) Url=FAQ/ message: Controleur inéxistante  :  Date= "May 4, 2018, 8:45 am"
ERREUR système(Controleur) Url=assets/app/css/ message: Controleur inéxistante  :  Date= "May 4, 2018, 8:45 am"
ERREUR système(Controleur) Url=adhesion/ message: Controleur inéxistante  :  Date= "May 4, 2018, 9:18 am"
ERREUR système(Controleur) Url=assets/app/css/ message: Controleur inéxistante  :  Date= "May 4, 2018, 9:18 am"
ERREUR système(Controleur) Url=adhesion/ message: Controleur inéxistante  :  Date= "May 4, 2018, 9:21 am"
ERREUR système(Controleur) Url=assets/app/css/ message: Controleur inéxistante  :  Date= "May 4, 2018, 9:21 am"
ERREUR système(Controleur) Url=adhesion/ message: Controleur inéxistante  :  Date= "May 4, 2018, 9:21 am"
ERREUR système(Controleur) Url=assets/app/css/ message: Controleur inéxistante  :  Date= "May 4, 2018, 9:21 am"
ERREUR système(Controleur) Url=Leader/ message: Controleur inéxistante  :  Date= "May 4, 2018, 9:34 am"
ERREUR système(Controleur) Url=assets/app/css/ message: Controleur inéxistante  :  Date= "May 4, 2018, 9:34 am"
ERREUR système(Controleur) Url=Leader/ message: Controleur inéxistante  :  Date= "May 4, 2018, 9:35 am"
ERREUR système(Controleur) Url=assets/app/css/ message: Controleur inéxistante  :  Date= "May 4, 2018, 9:35 am"
ERREUR système(Controleur) Url=partners/ message: Controleur inéxistante  :  Date= "May 4, 2018, 9:35 am"
ERREUR système(Controleur) Url=assets/app/css/ message: Controleur inéxistante  :  Date= "May 4, 2018, 9:35 am"
ERREUR système(Controleur) Url=partners/ message: Controleur inéxistante  :  Date= "May 4, 2018, 9:39 am"
ERREUR système(Controleur) Url=assets/app/css/ message: Controleur inéxistante  :  Date= "May 4, 2018, 9:39 am"
ERREUR système(Controleur) Url=story/ message: Controleur inéxistante  :  Date= "May 4, 2018, 9:40 am"
ERREUR système(Controleur) Url=assets/app/css/ message: Controleur inéxistante  :  Date= "May 4, 2018, 9:40 am"
ERREUR système(Controleur) Url=story/ message: Controleur inéxistante  :  Date= "May 4, 2018, 9:43 am"
ERREUR système(Controleur) Url=assets/app/css/ message: Controleur inéxistante  :  Date= "May 4, 2018, 9:43 am"
ERREUR système(Controleur) Url=story/ message: Controleur inéxistante  :  Date= "May 4, 2018, 9:43 am"
ERREUR système(Controleur) Url=assets/app/css/ message: Controleur inéxistante  :  Date= "May 4, 2018, 9:43 am"
ERREUR système(Méthode) Url=ajax/suggestions message: Méthode inéxistante du controleur :Ajax  Date= "May 4, 2018, 10:35 am"
ERREUR système(Méthode) Url=ajax/suggestions message: Méthode inéxistante du controleur :Ajax  Date= "May 4, 2018, 10:37 am"
ERREUR système(Controleur) Url=assets/app/css/ message: Controleur inéxistante  :  Date= "May 4, 2018, 11:57 pm"
ERREUR système(Méthode) Url=seminaires/antherieurs/ message: Méthode inéxistante du controleur :Seminaires  Date= "May 6, 2018, 4:21 pm"
ERREUR système(Controleur) Url=assets/app/css/ message: Controleur inéxistante  :  Date= "May 6, 2018, 4:21 pm"
ERREUR système(Controleur) Url=assets/app/css/ message: Controleur inéxistante  :  Date= "May 12, 2018, 8:05 am"
ERREUR système(Controleur) Url=assets/app/css/ message: Controleur inéxistante  :  Date= "May 12, 2018, 8:42 am"
ERREUR système(Controleur) Url=assets/app/css/ message: Controleur inéxistante  :  Date= "May 12, 2018, 8:44 am"
ERREUR système(Controleur) Url=myfacultyLOGIN message: Controleur inéxistante  :  Date= "May 12, 2018, 9:23 am"
ERREUR système(Controleur) Url=assets/app/css/ message: Controleur inéxistante  :  Date= "May 12, 2018, 9:23 am"
ERREUR système(Controleur) Url=myfacultyLOGIN message: Controleur inéxistante  :  Date= "May 12, 2018, 9:23 am"
ERREUR système(Controleur) Url=assets/app/css/ message: Controleur inéxistante  :  Date= "May 12, 2018, 9:23 am"
ERREUR système(Controleur) Url=myfacultyLOGIN/loginUser message: Controleur inéxistante  :  Date= "May 12, 2018, 9:23 am"
ERREUR système(Controleur) Url=assets/app/css/ message: Controleur inéxistante  :  Date= "May 12, 2018, 9:23 am"
ERREUR système(Controleur) Url=myfacultyLOGIN/loginUser message: Controleur inéxistante  :  Date= "May 12, 2018, 9:24 am"
ERREUR système(Controleur) Url=assets/app/css/ message: Controleur inéxistante  :  Date= "May 12, 2018, 9:24 am"
ERREUR système(Controleur) Url=myfacultyLOGIN/loginUser/ message: Controleur inéxistante  :  Date= "May 12, 2018, 9:24 am"
ERREUR système(Controleur) Url=assets/app/css/ message: Controleur inéxistante  :  Date= "May 12, 2018, 9:24 am"
ERREUR système(Controleur) Url=myfacultylogin/loginUser/ message: Controleur inéxistante  :  Date= "May 12, 2018, 9:25 am"
ERREUR système(Controleur) Url=assets/app/css/ message: Controleur inéxistante  :  Date= "May 12, 2018, 9:25 am"
ERREUR système(Controleur) Url=sma/update/get/current/version message: Controleur inéxistante  :  Date= "June 4, 2018, 5:06 am"
ERREUR système(Controleur) Url=sma/update/get/current/version message: Controleur inéxistante  :  Date= "June 4, 2018, 5:06 am"
ERREUR système(Controleur) Url=assets/app/css/ message: Controleur inéxistante  :  Date= "June 4, 2018, 5:06 am"
ERREUR système(Controleur) Url=assets/app/css/ message: Controleur inéxistante  :  Date= "June 4, 2018, 5:06 am"
ERREUR système(Controleur) Url=sma/update/get/current/version message: Controleur inéxistante  :  Date= "June 4, 2018, 5:06 am"
ERREUR système(Controleur) Url=assets/app/css/ message: Controleur inéxistante  :  Date= "June 4, 2018, 5:06 am"
ERREUR système(Controleur) Url=cpanel message: Controleur inéxistante  :  Date= "August 2, 2018, 6:51 pm"
ERREUR système(Controleur) Url=assets/app/css/ message: Controleur inéxistante  :  Date= "August 2, 2018, 6:51 pm"
ERREUR système(Controleur) Url=admin message: Controleur inéxistante  :  Date= "August 17, 2019, 9:48 am"
ERREUR système(Controleur) Url=assets/app/css/ message: Controleur inéxistante  :  Date= "August 17, 2019, 9:48 am"
ERREUR système(Controleur) Url=assets/app/css/ message: Controleur inéxistante  :  Date= "August 17, 2019, 9:48 am"
ERREUR système(Controleur) Url=assets/app/css/ message: Controleur inéxistante  :  Date= "August 17, 2019, 9:48 am"
ERREUR système(Controleur) Url=admin message: Controleur inéxistante  :  Date= "August 17, 2019, 9:50 am"
ERREUR système(Controleur) Url=assets/app/css/ message: Controleur inéxistante  :  Date= "August 17, 2019, 9:50 am"
ERREUR système(Controleur) Url=assets/app/css/ message: Controleur inéxistante  :  Date= "August 17, 2019, 9:50 am"
